CHREM/zone_01/net/air_exch_zone_amb_total_CVI_avg::Total_Average -177.495894 (W) 
CHREM/zone_01/net/air_exch_zone_amb_total_CVI_avg::Active_Average -177.495894 (W)
CHREM/zone_01/net/air_exch_zone_amb_total_CVI_avg::Maximum -107.949326 (W)
CHREM/zone_01/net/air_exch_zone_amb_total_CVI_avg::Minimum -241.200272 (W)
CHREM/zone_01/net/air_exch_zone_amb_total_CVI_avg::AnnualTotal -0.015336 (GJ) 
CHREM/zone_01/net/flux_cas_gain_CONV::Total_Average 328.911997 (W) 
CHREM/zone_01/net/flux_cas_gain_CONV::Active_Average 328.911997 (W)
CHREM/zone_01/net/flux_cas_gain_CONV::Maximum 717.252991 (W)
CHREM/zone_01/net/flux_cas_gain_CONV::Minimum 105.814003 (W)
CHREM/zone_01/net/flux_cas_gain_CONV::AnnualTotal 0.028418 (GJ) 
CHREM/zone_01/net/flux_cas_gain_RAD::Total_Average 328.911997 (W) 
CHREM/zone_01/net/flux_cas_gain_RAD::Active_Average 328.911997 (W)
CHREM/zone_01/net/flux_cas_gain_RAD::Maximum 717.252991 (W)
CHREM/zone_01/net/flux_cas_gain_RAD::Minimum 105.814003 (W)
CHREM/zone_01/net/flux_cas_gain_RAD::AnnualTotal 0.028418 (GJ) 
CHREM/zone_01/net/flux_heat_cool_sys::Total_Average 179.235885 (W) 
CHREM/zone_01/net/flux_heat_cool_sys::Active_Average 179.235885 (W)
CHREM/zone_01/net/flux_heat_cool_sys::Maximum 488.184387 (W)
CHREM/zone_01/net/flux_heat_cool_sys::Minimum 0.000000 (W)
CHREM/zone_01/net/flux_heat_cool_sys::AnnualTotal 0.015486 (GJ) 
CHREM/zone_01/net/storage_air_mass_sensible::Total_Average 1.670327 (W) 
CHREM/zone_01/net/storage_air_mass_sensible::Active_Average 1.670327 (W)
CHREM/zone_01/net/storage_air_mass_sensible::Maximum 114.953789 (W)
CHREM/zone_01/net/storage_air_mass_sensible::Minimum -82.322289 (W)
CHREM/zone_01/net/storage_air_mass_sensible::AnnualTotal 0.000144 (GJ) 
