building/all_zones/internal_gains/total::Total_Average 1103.673973 (W) 
building/all_zones/internal_gains/total::Active_Average 1103.673973 (W)
building/all_zones/internal_gains/total::Maximum 5287.839844 (W)
building/all_zones/internal_gains/total::Minimum 258.779999 (W)
building/all_zones/internal_gains/total::AnnualTotal 34.805462 (GJ) 
building/all_zones/supplied_energy/cooling::Total_Average 80.278513 (W) 
building/all_zones/supplied_energy/cooling::Active_Average 80.278513 (W)
building/all_zones/supplied_energy/cooling::Maximum 2534.731934 (W)
building/all_zones/supplied_energy/cooling::Minimum 0.000000 (W)
building/all_zones/supplied_energy/cooling::AnnualTotal 2.531663 (GJ) 
building/all_zones/supplied_energy/heating::Total_Average 1873.253568 (W) 
building/all_zones/supplied_energy/heating::Active_Average 1873.253568 (W)
building/all_zones/supplied_energy/heating::Maximum 10175.626953 (W)
building/all_zones/supplied_energy/heating::Minimum 0.000000 (W)
building/all_zones/supplied_energy/heating::AnnualTotal 59.074925 (GJ) 
plant/ideal_DHW_model/energy_input::Total_Average 590.642569 (W) 
plant/ideal_DHW_model/energy_input::Active_Average 590.642569 (W)
plant/ideal_DHW_model/energy_input::Maximum 3000.000000 (W)
plant/ideal_DHW_model/energy_input::Minimum 0.000000 (W)
plant/ideal_DHW_model/energy_input::AnnualTotal 18.626504 (GJ) 
plant/ideal_DHW_model/water_heating_load::Total_Average 473.417441 (W) 
plant/ideal_DHW_model/water_heating_load::Active_Average 473.417441 (W)
plant/ideal_DHW_model/water_heating_load::Maximum 11433.502930 (W)
plant/ideal_DHW_model/water_heating_load::Minimum 0.000000 (W)
plant/ideal_DHW_model/water_heating_load::AnnualTotal 14.929692 (GJ) 
