CHREM/zone_01/net/air_exch_zone_amb_total_CVI_avg::Total_Average -485.530328 (W) 
CHREM/zone_01/net/air_exch_zone_amb_total_CVI_avg::Active_Average -485.530328 (W)
CHREM/zone_01/net/air_exch_zone_amb_total_CVI_avg::Maximum -106.043709 (W)
CHREM/zone_01/net/air_exch_zone_amb_total_CVI_avg::Minimum -850.230286 (W)
CHREM/zone_01/net/air_exch_zone_amb_total_CVI_avg::AnnualTotal -0.629247 (GJ) 
CHREM/zone_01/net/flux_cas_gain_CONV::Total_Average 452.217205 (W) 
CHREM/zone_01/net/flux_cas_gain_CONV::Active_Average 452.217205 (W)
CHREM/zone_01/net/flux_cas_gain_CONV::Maximum 1610.970215 (W)
CHREM/zone_01/net/flux_cas_gain_CONV::Minimum 98.204498 (W)
CHREM/zone_01/net/flux_cas_gain_CONV::AnnualTotal 0.586073 (GJ) 
CHREM/zone_01/net/flux_cas_gain_RAD::Total_Average 452.217205 (W) 
CHREM/zone_01/net/flux_cas_gain_RAD::Active_Average 452.217205 (W)
CHREM/zone_01/net/flux_cas_gain_RAD::Maximum 1610.970215 (W)
CHREM/zone_01/net/flux_cas_gain_RAD::Minimum 98.204498 (W)
CHREM/zone_01/net/flux_cas_gain_RAD::AnnualTotal 0.586073 (GJ) 
CHREM/zone_01/net/flux_heat_cool_sys::Total_Average 928.480896 (W) 
CHREM/zone_01/net/flux_heat_cool_sys::Active_Average 928.480896 (W)
CHREM/zone_01/net/flux_heat_cool_sys::Maximum 2934.537109 (W)
CHREM/zone_01/net/flux_heat_cool_sys::Minimum 0.000000 (W)
CHREM/zone_01/net/flux_heat_cool_sys::AnnualTotal 1.203311 (GJ) 
CHREM/zone_01/net/storage_air_mass_sensible::Total_Average -0.072727 (W) 
CHREM/zone_01/net/storage_air_mass_sensible::Active_Average -0.072727 (W)
CHREM/zone_01/net/storage_air_mass_sensible::Maximum 282.642853 (W)
CHREM/zone_01/net/storage_air_mass_sensible::Minimum -251.036896 (W)
CHREM/zone_01/net/storage_air_mass_sensible::AnnualTotal -0.000094 (GJ) 
boundry_conditions/AL/step_interpolation::Total_Average 327.539723 (W) 
boundry_conditions/AL/step_interpolation::Active_Average 1387.227061 (W)
boundry_conditions/AL/step_interpolation::Maximum 4190.200195 (W)
boundry_conditions/AL/step_interpolation::Minimum 268.299988 (W)
boundry_conditions/AL/step_interpolation::AnnualTotal 0.424491 (GJ) 
boundry_conditions/DHW/step_interpolation::Total_Average 2.728333 (L/h) 
boundry_conditions/DHW/step_interpolation::Active_Average 13.454795 (L/h)
boundry_conditions/DHW/step_interpolation::Maximum 81.400002 (L/h)
boundry_conditions/DHW/step_interpolation::Minimum 0.000000 (L/h)
building/all_zones/envelope/infiltration/net_flux::Total_Average 1024.365463 (W) 
building/all_zones/envelope/infiltration/net_flux::Active_Average 1024.365463 (W)
building/all_zones/envelope/infiltration/net_flux::Maximum 1898.728760 (W)
building/all_zones/envelope/infiltration/net_flux::Minimum 211.762131 (W)
building/all_zones/envelope/infiltration/net_flux::AnnualTotal 1.327578 (GJ) 
building/all_zones/internal_gains/total::Total_Average 1812.541355 (W) 
building/all_zones/internal_gains/total::Active_Average 1812.541355 (W)
building/all_zones/internal_gains/total::Maximum 9418.311523 (W)
building/all_zones/internal_gains/total::Minimum 306.861969 (W)
building/all_zones/internal_gains/total::AnnualTotal 2.349054 (GJ) 
building/all_zones/supplied_energy/net_flux::Total_Average 2362.476574 (W) 
building/all_zones/supplied_energy/net_flux::Active_Average 2362.476574 (W)
building/all_zones/supplied_energy/net_flux::Maximum 7380.177734 (W)
building/all_zones/supplied_energy/net_flux::Minimum 0.000000 (W)
building/all_zones/supplied_energy/net_flux::AnnualTotal 3.061770 (GJ) 
electrical_net/power_only_components/AL_comp/flux::Total_Average -1817.261622 (W) 
electrical_net/power_only_components/AL_comp/flux::Active_Average -1817.261622 (W)
electrical_net/power_only_components/AL_comp/flux::Maximum -305.861969 (W)
electrical_net/power_only_components/AL_comp/flux::Minimum -9417.311523 (W)
electrical_net/power_only_components/AL_comp/flux::AnnualTotal -2.355171 (GJ) 
plant/ideal_DHW_model/energy_input::Total_Average 685.235043 (W) 
plant/ideal_DHW_model/energy_input::Active_Average 685.235043 (W)
plant/ideal_DHW_model/energy_input::Maximum 4500.000000 (W)
plant/ideal_DHW_model/energy_input::Minimum 0.000000 (W)
plant/ideal_DHW_model/energy_input::AnnualTotal 0.888065 (GJ) 
total_fuel_use/electricity/all_end_uses/quantity::Total_Average 0.000190 (kWh/s) 
total_fuel_use/electricity/all_end_uses/quantity::Active_Average 0.000190 (kWh/s)
total_fuel_use/electricity/all_end_uses/quantity::Maximum 0.001250 (kWh/s)
total_fuel_use/electricity/all_end_uses/quantity::Minimum 0.000000 (kWh/s)
total_fuel_use/electricity/water_heating/quantity::Total_Average 0.000190 (kWh/s) 
total_fuel_use/electricity/water_heating/quantity::Active_Average 0.000191 (kWh/s)
total_fuel_use/electricity/water_heating/quantity::Maximum 0.001250 (kWh/s)
total_fuel_use/electricity/water_heating/quantity::Minimum 0.000019 (kWh/s)
