CHREM/all_zones/cool/flux_heat_cool_sys::Total_Average 0.000000 (W) 
CHREM/all_zones/cool/flux_heat_cool_sys::Active_Average 0.000000 (W)
CHREM/all_zones/cool/flux_heat_cool_sys::Maximum 0.000000 (W)
CHREM/all_zones/cool/flux_heat_cool_sys::Minimum 0.000000 (W)
CHREM/all_zones/cool/flux_heat_cool_sys::AnnualTotal 0.000000 (GJ) 
CHREM/all_zones/heat/flux_heat_cool_sys::Total_Average 8189.213674 (W) 
CHREM/all_zones/heat/flux_heat_cool_sys::Active_Average 8189.213674 (W)
CHREM/all_zones/heat/flux_heat_cool_sys::Maximum 12509.654297 (W)
CHREM/all_zones/heat/flux_heat_cool_sys::Minimum 3985.438232 (W)
CHREM/all_zones/heat/flux_heat_cool_sys::AnnualTotal 0.707548 (GJ) 
CHREM/all_zones/net/AIM_infil::Total_Average -3020.387014 (W) 
CHREM/all_zones/net/AIM_infil::Active_Average -3020.387014 (W)
CHREM/all_zones/net/AIM_infil::Maximum -1876.568481 (W)
CHREM/all_zones/net/AIM_infil::Minimum -4123.865234 (W)
CHREM/all_zones/net/AIM_infil::AnnualTotal -0.260961 (GJ) 
CHREM/all_zones/net/CVS_infil::Total_Average 0.000000 (W) 
CHREM/all_zones/net/CVS_infil::Active_Average 0.000000 (W)
CHREM/all_zones/net/CVS_infil::Maximum 0.000000 (W)
CHREM/all_zones/net/CVS_infil::Minimum 0.000000 (W)
CHREM/all_zones/net/CVS_infil::AnnualTotal 0.000000 (GJ) 
CHREM/all_zones/net/flux_cas_gain_CONV::Total_Average 303.900452 (W) 
CHREM/all_zones/net/flux_cas_gain_CONV::Active_Average 303.900452 (W)
CHREM/all_zones/net/flux_cas_gain_CONV::Maximum 778.998535 (W)
CHREM/all_zones/net/flux_cas_gain_CONV::Minimum 84.620506 (W)
CHREM/all_zones/net/flux_cas_gain_CONV::AnnualTotal 0.026257 (GJ) 
CHREM/all_zones/net/flux_cas_gain_RAD::Total_Average 303.900452 (W) 
CHREM/all_zones/net/flux_cas_gain_RAD::Active_Average 303.900452 (W)
CHREM/all_zones/net/flux_cas_gain_RAD::Maximum 778.998535 (W)
CHREM/all_zones/net/flux_cas_gain_RAD::Minimum 84.620506 (W)
CHREM/all_zones/net/flux_cas_gain_RAD::AnnualTotal 0.026257 (GJ) 
CHREM/windows/bWindowsAreOpen::Total_Average 0.041667 (1|0) 
CHREM/windows/bWindowsAreOpen::Active_Average 0.041667 (1|0)
CHREM/windows/bWindowsAreOpen::Maximum 1.000000 (1|0)
CHREM/windows/bWindowsAreOpen::Minimum 0.000000 (1|0)
CHREM/zone_01/avg_air_point_temp::Total_Average 21.116498 (C) 
CHREM/zone_01/avg_air_point_temp::Active_Average 21.116498 (C)
CHREM/zone_01/avg_air_point_temp::Maximum 22.397972 (C)
CHREM/zone_01/avg_air_point_temp::Minimum 21.000000 (C)
CHREM/zone_02/avg_air_point_temp::Total_Average 21.000000 (C) 
CHREM/zone_02/avg_air_point_temp::Active_Average 21.000000 (C)
CHREM/zone_02/avg_air_point_temp::Maximum 21.000000 (C)
CHREM/zone_02/avg_air_point_temp::Minimum 21.000000 (C)
climate/dry_bulb_temperature::Total_Average -10.058333 (oC) 
climate/dry_bulb_temperature::Active_Average -10.058333 (oC)
climate/dry_bulb_temperature::Maximum -2.700000 (oC)
climate/dry_bulb_temperature::Minimum -16.299999 (oC)
electrical_net/loads/occupant_load::Total_Average 793.687498 (W) 
electrical_net/loads/occupant_load::Active_Average 793.687498 (W)
electrical_net/loads/occupant_load::Maximum 3627.183105 (W)
electrical_net/loads/occupant_load::Minimum 168.240997 (W)
electrical_net/loads/occupant_load::AnnualTotal 0.068575 (GJ) 
plant/ideal_DHW_model/energy_input::Total_Average 909.318232 (W) 
plant/ideal_DHW_model/energy_input::Active_Average 909.318232 (W)
plant/ideal_DHW_model/energy_input::Maximum 3000.000000 (W)
plant/ideal_DHW_model/energy_input::Minimum 0.000000 (W)
plant/ideal_DHW_model/energy_input::AnnualTotal 0.078565 (GJ) 
plant/ideal_DHW_model/water_heating_load::Total_Average 833.685218 (W) 
plant/ideal_DHW_model/water_heating_load::Active_Average 833.685218 (W)
plant/ideal_DHW_model/water_heating_load::Maximum 4815.752441 (W)
plant/ideal_DHW_model/water_heating_load::Minimum 0.000000 (W)
plant/ideal_DHW_model/water_heating_load::AnnualTotal 0.072030 (GJ) 
plant/ideal_hvac_models/component_01_furnace/fuel_use/electricity/amount::Total_Average 0.000000 (kWh/s) 
plant/ideal_hvac_models/component_01_furnace/fuel_use/electricity/amount::Active_Average 0.000000 (kWh/s)
plant/ideal_hvac_models/component_01_furnace/fuel_use/electricity/amount::Maximum 0.000000 (kWh/s)
plant/ideal_hvac_models/component_01_furnace/fuel_use/electricity/amount::Minimum 0.000000 (kWh/s)
plant/ideal_hvac_models/component_01_furnace/fuel_use/energy_input/heating::Total_Average 11918.525838 (W) 
plant/ideal_hvac_models/component_01_furnace/fuel_use/energy_input/heating::Active_Average 11918.525838 (W)
plant/ideal_hvac_models/component_01_furnace/fuel_use/energy_input/heating::Maximum 19778.667969 (W)
plant/ideal_hvac_models/component_01_furnace/fuel_use/energy_input/heating::Minimum 3360.995605 (W)
plant/ideal_hvac_models/component_01_furnace/fuel_use/energy_input/heating::AnnualTotal 1.029761 (GJ) 
plant/ideal_hvac_models/component_01_furnace/fuel_use/oil/amount::Total_Average 0.000309 (l/s) 
plant/ideal_hvac_models/component_01_furnace/fuel_use/oil/amount::Active_Average 0.000309 (l/s)
plant/ideal_hvac_models/component_01_furnace/fuel_use/oil/amount::Maximum 0.000513 (l/s)
plant/ideal_hvac_models/component_01_furnace/fuel_use/oil/amount::Minimum 0.000087 (l/s)
plant/ideal_hvac_models/component_01_furnace/thermal_output/heating::Total_Average 8082.432953 (W) 
plant/ideal_hvac_models/component_01_furnace/thermal_output/heating::Active_Average 8082.432953 (W)
plant/ideal_hvac_models/component_01_furnace/thermal_output/heating::Maximum 13612.043945 (W)
plant/ideal_hvac_models/component_01_furnace/thermal_output/heating::Minimum 2062.210205 (W)
plant/ideal_hvac_models/component_01_furnace/thermal_output/heating::AnnualTotal 0.698322 (GJ) 
total_fuel_use/electricity/all_end_uses/energy_content::Total_Average 1071.170130 (W) 
total_fuel_use/electricity/all_end_uses/energy_content::Active_Average 1071.170130 (W)
total_fuel_use/electricity/all_end_uses/energy_content::Maximum 3205.096680 (W)
total_fuel_use/electricity/all_end_uses/energy_content::Minimum 200.167694 (W)
total_fuel_use/electricity/all_end_uses/energy_content::AnnualTotal 0.092549 (GJ) 
total_fuel_use/electricity/all_end_uses/quantity::Total_Average 0.000298 (kWh/s) 
total_fuel_use/electricity/all_end_uses/quantity::Active_Average 0.000298 (kWh/s)
total_fuel_use/electricity/all_end_uses/quantity::Maximum 0.000890 (kWh/s)
total_fuel_use/electricity/all_end_uses/quantity::Minimum 0.000056 (kWh/s)
total_fuel_use/hard_wood/all_end_uses/quantity::Total_Average 0.000000 (tonne/s) 
total_fuel_use/hard_wood/all_end_uses/quantity::Active_Average 0.000000 (tonne/s)
total_fuel_use/hard_wood/all_end_uses/quantity::Maximum 0.000000 (tonne/s)
total_fuel_use/hard_wood/all_end_uses/quantity::Minimum 0.000000 (tonne/s)
total_fuel_use/mixed_wood/all_end_uses/quantity::Total_Average 0.000000 (tonne/s) 
total_fuel_use/mixed_wood/all_end_uses/quantity::Active_Average 0.000000 (tonne/s)
total_fuel_use/mixed_wood/all_end_uses/quantity::Maximum 0.000000 (tonne/s)
total_fuel_use/mixed_wood/all_end_uses/quantity::Minimum 0.000000 (tonne/s)
total_fuel_use/natural_gas/all_end_uses/quantity::Total_Average 0.000000 (m3/s) 
total_fuel_use/natural_gas/all_end_uses/quantity::Active_Average 0.000000 (m3/s)
total_fuel_use/natural_gas/all_end_uses/quantity::Maximum 0.000000 (m3/s)
total_fuel_use/natural_gas/all_end_uses/quantity::Minimum 0.000000 (m3/s)
total_fuel_use/oil/all_end_uses/energy_content::Total_Average 11918.525838 (W) 
total_fuel_use/oil/all_end_uses/energy_content::Active_Average 11918.525838 (W)
total_fuel_use/oil/all_end_uses/energy_content::Maximum 19778.667969 (W)
total_fuel_use/oil/all_end_uses/energy_content::Minimum 3360.995605 (W)
total_fuel_use/oil/all_end_uses/energy_content::AnnualTotal 1.029761 (GJ) 
total_fuel_use/oil/all_end_uses/quantity::Total_Average 0.000309 (l/s) 
total_fuel_use/oil/all_end_uses/quantity::Active_Average 0.000309 (l/s)
total_fuel_use/oil/all_end_uses/quantity::Maximum 0.000513 (l/s)
total_fuel_use/oil/all_end_uses/quantity::Minimum 0.000087 (l/s)
total_fuel_use/propane/all_end_uses/quantity::Total_Average 0.000000 (m3/s) 
total_fuel_use/propane/all_end_uses/quantity::Active_Average 0.000000 (m3/s)
total_fuel_use/propane/all_end_uses/quantity::Maximum 0.000000 (m3/s)
total_fuel_use/propane/all_end_uses/quantity::Minimum 0.000000 (m3/s)
total_fuel_use/soft_wood/all_end_uses/quantity::Total_Average 0.000000 (tonne/s) 
total_fuel_use/soft_wood/all_end_uses/quantity::Active_Average 0.000000 (tonne/s)
total_fuel_use/soft_wood/all_end_uses/quantity::Maximum 0.000000 (tonne/s)
total_fuel_use/soft_wood/all_end_uses/quantity::Minimum 0.000000 (tonne/s)
total_fuel_use/wood_pellets/all_end_uses/quantity::Total_Average 0.000000 (tonne/s) 
total_fuel_use/wood_pellets/all_end_uses/quantity::Active_Average 0.000000 (tonne/s)
total_fuel_use/wood_pellets/all_end_uses/quantity::Maximum 0.000000 (tonne/s)
total_fuel_use/wood_pellets/all_end_uses/quantity::Minimum 0.000000 (tonne/s)
