building/zone_01/air_point/temperature::Total_Average 19.066387 (oC) 
building/zone_01/air_point/temperature::Active_Average 19.066387 (oC)
building/zone_01/air_point/temperature::Maximum 21.000000 (oC)
building/zone_01/air_point/temperature::Minimum 15.616810 (oC)
building/zone_01/supplied_energy/net::Total_Average 1168.233210 (W) 
building/zone_01/supplied_energy/net::Active_Average 1168.233210 (W)
building/zone_01/supplied_energy/net::Maximum 1228.020020 (W)
building/zone_01/supplied_energy/net::Minimum 137.448792 (W)
building/zone_01/supplied_energy/net::AnnualTotal 0.403741 (GJ) 
building/zone_02/air_point/temperature::Total_Average 17.339563 (oC) 
building/zone_02/air_point/temperature::Active_Average 17.339563 (oC)
building/zone_02/air_point/temperature::Maximum 19.640995 (oC)
building/zone_02/air_point/temperature::Minimum 15.247311 (oC)
building/zone_02/supplied_energy/net::Total_Average 778.822121 (W) 
building/zone_02/supplied_energy/net::Active_Average 778.822121 (W)
building/zone_02/supplied_energy/net::Maximum 818.679993 (W)
building/zone_02/supplied_energy/net::Minimum 91.632523 (W)
building/zone_02/supplied_energy/net::AnnualTotal 0.269161 (GJ) 
climate/dry_bulb_temperature::Total_Average -1.353125 (oC) 
climate/dry_bulb_temperature::Active_Average -1.353125 (oC)
climate/dry_bulb_temperature::Maximum 9.400000 (oC)
climate/dry_bulb_temperature::Minimum -11.700000 (oC)
plant/ideal_hvac_models/component_01_furnace/fuel_use/electricity/amount::Total_Average 0.000000 (kWh/s) 
plant/ideal_hvac_models/component_01_furnace/fuel_use/electricity/amount::Active_Average 0.000000 (kWh/s)
plant/ideal_hvac_models/component_01_furnace/fuel_use/electricity/amount::Maximum 0.000000 (kWh/s)
plant/ideal_hvac_models/component_01_furnace/fuel_use/electricity/amount::Minimum 0.000000 (kWh/s)
plant/ideal_hvac_models/component_01_furnace/thermal_output/heating::Total_Average 1853.989019 (W) 
plant/ideal_hvac_models/component_01_furnace/thermal_output/heating::Active_Average 1853.989019 (W)
plant/ideal_hvac_models/component_01_furnace/thermal_output/heating::Maximum 2000.000000 (W)
plant/ideal_hvac_models/component_01_furnace/thermal_output/heating::Minimum 0.000000 (W)
plant/ideal_hvac_models/component_01_furnace/thermal_output/heating::AnnualTotal 0.640739 (GJ) 
plant/ideal_hvac_models/component_02_air_source_heat_pump/fuel_use/electricity/amount::Total_Average 0.000006 (kWh/s) 
plant/ideal_hvac_models/component_02_air_source_heat_pump/fuel_use/electricity/amount::Active_Average 0.000006 (kWh/s)
plant/ideal_hvac_models/component_02_air_source_heat_pump/fuel_use/electricity/amount::Maximum 0.000094 (kWh/s)
plant/ideal_hvac_models/component_02_air_source_heat_pump/fuel_use/electricity/amount::Minimum 0.000000 (kWh/s)
plant/ideal_hvac_models/component_02_air_source_heat_pump/thermal_output/heating::Total_Average 47.363897 (W) 
plant/ideal_hvac_models/component_02_air_source_heat_pump/thermal_output/heating::Active_Average 47.363897 (W)
plant/ideal_hvac_models/component_02_air_source_heat_pump/thermal_output/heating::Maximum 812.285156 (W)
plant/ideal_hvac_models/component_02_air_source_heat_pump/thermal_output/heating::Minimum 0.000000 (W)
plant/ideal_hvac_models/component_02_air_source_heat_pump/thermal_output/heating::AnnualTotal 0.016369 (GJ) 
